---
source: teller-providers/src/providers/test_utils.rs
expression: res
---
Ok(
    (),
)
