---
source: src/providers/test_utils.rs
expression: delete_res
---
Ok(
    (),
)
