---
source: src/providers/test_utils.rs
expression: update_res
---
Ok(
    (),
)
