---
source: teller-providers/src/providers/test_utils.rs
expression: res
---
[
    KV {
        value: "Teller",
        key: "app",
        from_key: "app",
        path: Some(
            PathInfo {
                id: "",
                path: "secret/development",
            },
        ),
        provider: Some(
            ProviderInfo {
                kind: PROVIDER_KIND,
                name: PROVIDER_NAME,
            },
        ),
        meta: Some(
            MetaInfo {
                sensitivity: None,
                redact_with: None,
                source: None,
                sink: None,
            },
        ),
    },
    KV {
        value: "{\"DB_PASS\": \"1234\",\"DB_NAME\": \"FOO\"}",
        key: "db",
        from_key: "db",
        path: Some(
            PathInfo {
                id: "",
                path: "secret/development",
            },
        ),
        provider: Some(
            ProviderInfo {
                kind: PROVIDER_KIND,
                name: PROVIDER_NAME,
            },
        ),
        meta: Some(
            MetaInfo {
                sensitivity: None,
                redact_with: None,
                source: None,
                sink: None,
            },
        ),
    },
    KV {
        value: "DEBUG",
        key: "log_level",
        from_key: "log_level",
        path: Some(
            PathInfo {
                id: "",
                path: "secret/development",
            },
        ),
        provider: Some(
            ProviderInfo {
                kind: PROVIDER_KIND,
                name: PROVIDER_NAME,
            },
        ),
        meta: Some(
            MetaInfo {
                sensitivity: None,
                redact_with: None,
                source: None,
                sink: None,
            },
        ),
    },
]
