---
source: src/providers/test_utils.rs
expression: res
---
Ok(
    (),
)
