---
source: teller-core/src/template.rs
expression: "render(\"hello {{ key(name='k') }}\", kvs)"
---
Ok(
    "hello foobaz",
)
