---
source: src/exec.rs
expression: s
---
"shazam\n"
